[www.rentappeal.com/atlanta-homes-for-rent.html]
[backblue.gif]
[fade.gif]
[index.html]
[www.rentappeal.com/favicon.png]
[cdnjs.cloudflare.com/ajax/libs/bootstrap/5.3.0-alpha3/css/bootstrap.min.css]
[cdnjs.cloudflare.com/ajax/libs/jquery/3.3.1/jquery.min.js]
[cdnjs.cloudflare.com/ajax/libs/bootstrap/5.2.3/js/bootstrap.bundle.min.js]
[cdnjs.cloudflare.com/ajax/libs/jquery.scrollfire/1.4.0/jquery.scrollfire.min.js]
[kit.fontawesome.com/8e7537a24b.js]
[cdnjs.cloudflare.com/ajax/libs/lazysizes/5.1.0/lazysizes.min.js]
[www.google.com/recaptcha/api44ac.js]
[www.rentappeal.com/js/master-v31b26.js]
[cdn.jsdelivr.net/npm/@fancyapps/ui@5.0/dist/carousel/carousel.css]
[api.mapbox.com/mapbox-gl-js/v2.13.0/mapbox-gl.css]
[kit.fontawesome.com/9e4e3329f0.js]
[resources.nesthub.com/js/fancybox.umd.js]
[cdn.jsdelivr.net/npm/@fancyapps/ui@5.0/dist/carousel/carousel.umd.js]
[api.mapbox.com/mapbox-gl-js/v2.13.0/mapbox-gl.js]
[static.addtoany.com/menu/page.js]
[www.rentappeal.com/images/logo.png]
[www.rentappeal.com/index.html]
[www.rentappeal.com/atlanta-property-management.html]
[www.rentappeal.com/marketing.html]
[www.rentappeal.com/tenant-screening.html]
[www.rentappeal.com/rent-collection.html]
[www.rentappeal.com/maintenance-services.html]
[www.rentappeal.com/accounting.html]
[www.rentappeal.com/eviction.html]
[www.rentappeal.com/pricing.html]
[www.rentappeal.com/guarantees.html]
[www.rentappeal.com/owners.html]
[www.rentappeal.com/owner-faq.html]
[www.rentappeal.com/new-property-intake.html]
[www.rentappeal.com/rent-sell-calculator.html]
[www.rentappeal.com/roi-calculator.html]
[www.rentappeal.com/vacancy-loss-calculator.html]
[www.rentappeal.com/tenants.html]
[www.rentappeal.com/tenant-faq.html]
[www.rentappeal.com/application-process-guidelines.html]
[www.rentappeal.com/how-to-apply.html]
[www.rentappeal.com/pet-policy.html]
[www.rentappeal.com/agents.html]
[www.rentappeal.com/about.html]
[www.rentappeal.com/testimonials.html]
[www.rentappeal.com/blog.html]
[www.rentappeal.com/contact.html]
[www.rentappeal.com/email-us.html]
[www.rentappeal.com/jobs]
[app.tenantturner.com/widget/widget.js]
[www.rentappeal.com/images/social-sharing.jpg]
[www.rentappeal.com/w3c-policy.html]
[www.rentappeal.com/alpharetta-property-management.html]
[www.rentappeal.com/cobb-county-property-management.html]
[www.rentappeal.com/cumming-property-management.html]
[www.rentappeal.com/brookhaven-property-management.html]
[www.rentappeal.com/buford-property-management.html]
[www.rentappeal.com/dacula-property-management.html]
[www.rentappeal.com/dawson-county-property-management.html]
[www.rentappeal.com/dawsonville-property-management.html]
[www.rentappeal.com/decatur-property-management.html]
[www.rentappeal.com/dekalb-county-property-management.html]
[www.rentappeal.com/duluth-property-management.html]
[www.rentappeal.com/dunwoody-property-management.html]
[www.rentappeal.com/forsyth-county-property-management.html]
[www.rentappeal.com/gwinnett-county-property-management.html]
[www.rentappeal.com/johns-creek-property-management.html]
[www.rentappeal.com/lawrenceville-property-management.html]
[www.rentappeal.com/lilburn-property-management.html]
[www.rentappeal.com/loganville-property-management.html]
[www.rentappeal.com/marietta-property-management.html]
[www.rentappeal.com/norcross-property-management.html]
[www.rentappeal.com/peachtree-corners-property-management.html]
[www.rentappeal.com/roswell-property-management.html]
[www.rentappeal.com/snellville-property-management.html]
[www.rentappeal.com/sugar-hill-property-management.html]
[www.rentappeal.com/suwanee-property-management.html]
[www.rentappeal.com/vinings-property-management.html]
[www.rentappeal.com/woodstock-property-management.html]
[www.rentappeal.com/_system/js/ion-app.min7dec.js]
[www.rentappeal.com/atlanta-homes-for-rent.html]
[www.rentappeal.com/_system/images/listing/loading.gif]
[www.rentappeal.com/_system/css/ion-app.min23f6.css]
[cdnjs.cloudflare.com/ajax/libs/bootstrap/5.3.0-alpha3/css/bootstrap.min.css]
[www.rentappeal.com/css/animate-v2.min.css]
[www.rentappeal.com/images/banner-1-sm.jpg]
[www.rentappeal.com/images/analysis-bg.jpg]
[www.rentappeal.com/images/guarantee-badge.png]
[www.rentappeal.com/css/styles0af4.css]
[resources.nesthub.com/css/fancybox.css]
[cdn.jsdelivr.net/npm/@fancyapps/ui@5.0/dist/carousel/carousel.css]
[api.mapbox.com/mapbox-gl-js/v2.13.0/mapbox-gl.css]
[resources.nesthub.com/css/nhw.css]
[www.googletagmanager.com/gtm5445.html]
[resources.nesthub.com/css/nhw-standard.css]
[www.rentappeal.com/images/banner-1.jpg]
[www.rentappeal.com/images/home-welcome-1.jpg]
[www.rentappeal.com/images/home-welcome-2.jpg]
[www.rentappeal.com/images/home-welcome-3.jpg]
[www.rentappeal.com/blog/top-eviction-protection-plans-for-your-rental-properties-in-atlanta-ga.html]
[www.rentappeal.com/blog/essential-tips-for-first-time-landlords.html]
[www.rentappeal.com/index.html]
[www.rentappeal.com/blog/tips-to-attract-tenants-in-a-tough-market-in-atlanta-ga.html]
[www.rentappeal.com/images/pm-carousel-1.jpg]
[www.rentappeal.com/images/pm-carousel-2.jpg]
[www.rentappeal.com/images/pm-carousel-3.jpg]
[www.rentappeal.com/images/pm-guarantees.jpg]
[www.rentappeal.com/atlanta-property-management.html]
[www.rentappeal.com/marketing.html]
[www.rentappeal.com/tenant-screening.html]
[www.rentappeal.com/rent-collection.html]
[www.rentappeal.com/maintenance-services.html]
[www.rentappeal.com/accounting.html]
[www.rentappeal.com/eviction.html]
[www.rentappeal.com/pricing.html]
[www.rentappeal.com/images/guarantee-bg.jpg]
[www.rentappeal.com/guarantees.html]
[www.rentappeal.com/images/secondary-banner-1.jpg]
[www.rentappeal.com/owners.html]
[www.rentappeal.com/owner-faq.html]
[www.rentappeal.com/new-property-intake.html]
[cdnjs.cloudflare.com/ajax/libs/jqueryui/1.10.3/css/base/jquery.ui.all.min.css]
[cdnjs.cloudflare.com/ajax/libs/jqPlot/1.0.8/jquery.jqplot.min.css]
[cdnjs.cloudflare.com/ajax/libs/jqPlot/1.0.8/jquery.jqplot.min.js]
[www.rentappeal.com/images/rent-sell-banner.jpg]
[www.rentappeal.com/js/rent-sell-calc-v2.js]
[www.rentappeal.com/rent-sell-calculator.html]
[cdnjs.cloudflare.com/ajax/libs/knockout/3.3.0/knockout-min.js]
[www.rentappeal.com/js/roi-calculator-v2.js]
[www.rentappeal.com/roi-calculator.html]
[www.rentappeal.com/js/vacancy-loss-calculator.js]
[www.rentappeal.com/vacancy-loss-calculator.html]
[www.rentappeal.com/Please select type_ owner, tenant, vendor, app, hoa-homeowner, hoa-board, hoa-documents, maintenance, utility, pet, or idx]
[www.rentappeal.com/tenants.html]
[www.rentappeal.com/tenant-faq.html]
[www.rentappeal.com/application-process-guidelines.html]
[www.rentappeal.com/how-to-apply.html]
[www.rentappeal.com/pet-policy.html]
[www.rentappeal.com/agents.html]
[www.rentappeal.com/images/about-bg.jpg]
[www.rentappeal.com/about.html]
[www.rentappeal.com/testimonials.html]
[cdnjs.cloudflare.com/ajax/libs/Tipue-Search/5.0.0/tipuesearch.css]
[www.rentappeal.com/blog/how-to-keep-great-tenants-in-your-atlanta-ga-investment-property.html]
[www.rentappeal.com/blog/whats-next-after-buying-your-first-rental-property.html]
[www.rentappeal.com/blog/advertise-your-rental.html]
[www.rentappeal.com/blog/how-often-should-a-landlord-inspect-rental-property-in-atlanta-ga.html]
[www.rentappeal.com/blog/maintenance-emergencies-vs-repairs.html]
[www.rentappeal.com/blog/atlanta-accidental-landlord-tips.html]
[www.rentappeal.com/blog/why-successful-real-estate-investors-partner-with-property-management-companies.html]
[www.rentappeal.com/blog8f63.html]
[www.rentappeal.com/blog119c.html]
[www.rentappeal.com/blogff17.html]
[www.rentappeal.com/blog3cf6.html]
[www.rentappeal.com/blogc1d7.html]
[www.rentappeal.com/blog0e1a.html]
[www.rentappeal.com/blog/category/frontpage-article.html]
[www.rentappeal.com/blog/category/investors.html]
[www.rentappeal.com/blog/category/maintenance.html]
[www.rentappeal.com/blog/category/marietta.html]
[www.rentappeal.com/blog/category/news.html]
[www.rentappeal.com/blog/author/rent-appeal-inc.html]
[cdnjs.cloudflare.com/ajax/libs/Tipue-Search/5.0.0/tipuesearch_set.js]
[cdnjs.cloudflare.com/ajax/libs/Tipue-Search/5.0.0/tipuesearch.min.js]
[www.rentappeal.com/blog.html]
[www.rentappeal.com/contact.html]
[www.rentappeal.com/email-us.html]
[www.rentappeal.com/jobs.html]
[www.rentappeal.com/w3c-policy.html]
[www.rentappeal.com/alpharetta-property-management.html]
[www.rentappeal.com/cobb-county-property-management.html]
[www.rentappeal.com/cumming-property-management.html]
[www.rentappeal.com/brookhaven-property-management.html]
[www.rentappeal.com/buford-property-management.html]
[www.rentappeal.com/dacula-property-management.html]
[www.rentappeal.com/dawson-county-property-management.html]
[www.rentappeal.com/dawsonville-property-management.html]
[www.rentappeal.com/decatur-property-management.html]
[www.rentappeal.com/dekalb-county-property-management.html]
[www.rentappeal.com/duluth-property-management.html]
[www.rentappeal.com/dunwoody-property-management.html]
[www.rentappeal.com/forsyth-county-property-management.html]
[www.rentappeal.com/gwinnett-property-management]
[www.rentappeal.com/gwinnett-county-property-management.html]
[www.rentappeal.com/johns-creek-property-management.html]
[www.rentappeal.com/lawrenceville-property-management.html]
[www.rentappeal.com/lilburn-property-management.html]
[www.rentappeal.com/loganville-property-management.html]
[www.rentappeal.com/marietta-property-management.html]
[www.rentappeal.com/norcross-property-management.html]
[www.rentappeal.com/peachtree-corners-property-management.html]
[www.rentappeal.com/roswell-property-management.html]
[www.rentappeal.com/snellville-property-management.html]
[www.rentappeal.com/sugar-hill-property-management.html]
[www.rentappeal.com/suwanee-property-management.html]
[www.rentappeal.com/vinings-property-management.html]
[www.rentappeal.com/woodstock-property-management.html]
[www.rentappeal.com/images/icons.svg]
[www.rentappeal.com/images/blog/Business-man-is-stressed-due-t (1).webp]
[www.rentappeal.com/images/blog/blog.png]
[www.rentappeal.com/blog/top-eviction-protection-plans-for-your-rental-properties-in-atlanta-ga.html]
[www.rentappeal.com/images/blog/Atlanta-Georgia-USA-at-Piedmon_1.webp]
[www.rentappeal.com/blog/essential-tips-for-first-time-landlords.html]
[www.rentappeal.com/images/blog/129f1c240631a49ad4c8bb5738799401.webp]
[www.rentappeal.com/blog/tips-to-attract-tenants-in-a-tough-market-in-atlanta-ga.html]
[cdnjs.cloudflare.com/ajax/libs/jqueryui/1.10.3/css/base/jquery.ui.base.css]
[cdnjs.cloudflare.com/ajax/libs/jqueryui/1.10.3/css/base/jquery.ui.theme.css]
[cdnjs.cloudflare.com/ajax/libs/jqueryui/1.10.3/css/base/jquery.ui.all.min.css]
[cdnjs.cloudflare.com/ajax/libs/jqPlot/1.0.8/jquery.jqplot.min.css]
[resources.nesthub.com/images/rentsellcalc-banner.png]
[www.rentappeal.com/css/rent-sell-calc-v2.css]
[www.rentappeal.com/css/roi-calculator-v2.css]
[www.rentappeal.com/css/vacancy-loss-calculator.css]
[www.rentappeal.com/Please select type_ owner, tenant, vendor, app, hoa-homeowner, hoa-board, hoa-documents, maintenance, utility, pet, or idx.html]
[cdnjs.cloudflare.com/ajax/libs/Tipue-Search/5.0.0/img/search.png]
[cdnjs.cloudflare.com/ajax/libs/Tipue-Search/5.0.0/tipuesearch.css]
[www.rentappeal.com/images/blog/Simple-bulb-lamp-on-a-rope-han-min.jpg]
[www.rentappeal.com/blog/how-to-keep-great-tenants-in-your-atlanta-ga-investment-property.html]
[www.rentappeal.com/images/blog/pexels-photo-7641903-min.jpg]
[www.rentappeal.com/blog/whats-next-after-buying-your-first-rental-property.html]
[www.rentappeal.com/images/blog/How to Advertise Your Atlanta Rental Property Successfully.jpg]
[www.rentappeal.com/blog/how-to-maintain-your-rental-property.html]
[www.rentappeal.com/images/blog/person holding a camera.jpg]
[www.rentappeal.com/images/blog/person sitting on bench reading a newspaper.jpg]
[www.rentappeal.com/images/blog/person working on a laptop.jpg]
[www.rentappeal.com/blog/advertise-your-rental.html]
[www.rentappeal.com/images/blog/pexels-photo-20708166-min.jpg]
[www.rentappeal.com/blog/how-often-should-a-landlord-inspect-rental-property-in-atlanta-ga.html]
[www.rentappeal.com/blog/things-landlords-should-be-doing-every-year-but-probably-arent.html]
[www.rentappeal.com/images/blog/emergencies vs regular repairs.jpg]
[www.rentappeal.com/images/blog/1718739384561.jpg]
[www.rentappeal.com/blog/tips-to-keep-your-home-and-investment-safe.html]
[www.rentappeal.com/images/blog/1718739384573.jpg]
[www.rentappeal.com/blog/best-ways-to-communicate-with-tenants-email-text-or-call.html]
[www.rentappeal.com/images/blog/1718739384584.jpg]
[www.rentappeal.com/blog/maintenance-emergencies-vs-repairs.html]
[www.rentappeal.com/images/blog/Working-from-home-desk-setup-min.jpg]
[www.rentappeal.com/blog/guide-to-making-a-solid-lease-agreement-for-your-rental-property.html]
[www.rentappeal.com/blog/atlanta-accidental-landlord-tips.html]
[www.rentappeal.com/blog/costs-that-landlords-dont-notice-theyre-accruing.html]
[www.rentappeal.com/images/blog/pexels-rdne-stock-project-8293680-4.jpg]
[www.rentappeal.com/images/blog/pexels-christina-morillo-1181248.jpg]
[www.rentappeal.com/blog/renting-out-your-home-in-atlanta-everything-you-should-consider.html]
[www.rentappeal.com/images/blog/pexels-andrea-piacquadio-3756679-2.jpg]
[www.rentappeal.com/blog/why-successful-real-estate-investors-partner-with-property-management-companies.html]
[www.rentappeal.com/blog8f63.html]
[www.rentappeal.com/blog/how-to-be-a-long-distance-landlord.html]
[www.rentappeal.com/blog/how-to-recognize-and-avoid-rental-scams.html]
[www.rentappeal.com/blog/what-is-an-implied-covenant-of-quiet-enjoyment.html]
[www.rentappeal.com/blog/20-terms-all-real-estate-investors-should-know.html]
[www.rentappeal.com/blog/what-to-do-with-a-tenants-possessions-after-an-eviction.html]
[www.rentappeal.com/blog119c.html]
[www.rentappeal.com/blog/is-a-month-to-month-lease-better-for-landlords.html]
[www.rentappeal.com/blog/how-to-price-your-atlanta-home-to-rent.html]
[www.rentappeal.com/blog/5-best-renovations-for-your-rental-property.html]
[www.rentappeal.com/blog/georgia-fair-housing-act-an-overview.html]
[www.rentappeal.com/blog/reasons-to-invest-in-atlanta-real-estate.html]
[www.rentappeal.com/blog/best-areas-to-invest-in-atlanta.html]
[www.rentappeal.com/blog/top-tips-when-buying-investment-property-in-atlanta.html]
[www.rentappeal.com/blogff17.html]
[www.rentappeal.com/blog/breaking-a-lease-in-atlanta-ga-know-the-laws.html]
[www.rentappeal.com/blog/a-guide-to-the-eviction-process-in-atlanta-ga.html]
[www.rentappeal.com/blog/georgia-security-deposit-laws.html]
[www.rentappeal.com/blog/georgia-rental-laws-an-overview-of-landlord-tenant-rights-in-atlanta.html]
[www.rentappeal.com/blog/is-my-property-rent-ready.html]
[www.rentappeal.com/blog/marietta-square-plans-to-open-food-hall.html]
[www.rentappeal.com/blog/essential-maintenance-tips-for-any-property-owner-in-atlanta.html]
[www.rentappeal.com/blog/8-key-aspects-in-a-georgia-rental-agreement.html]
[www.rentappeal.com/blog/marietta-square-property-management.html]
[www.rentappeal.com/blog/5-essential-tips-for-hiring-property-manager-in-atlanta-ga.html]
[www.rentappeal.com/blog3cf6.html]
[www.rentappeal.com/blog/office-rabbit.html]
[www.rentappeal.com/blog/live-in-atlanta-join-our-growing-family.html]
[www.rentappeal.com/blog/atlanta-new-years.html]
[www.rentappeal.com/blog/rent-appeal-newsletter-january-2015.html]
[www.rentappeal.com/blog/millennial-renters.html]
[www.rentappeal.com/blog/10-things-you-need-to-know-about-the-millennial-renter.html]
[www.rentappeal.com/blog/monopoly-park-place.html]
[www.rentappeal.com/blog/can-i-afford-to-own-rental-property.html]
[www.rentappeal.com/blog/garden-pink-flowers.html]
[www.rentappeal.com/blog/website-launch-announcment.html]
[www.rentappeal.com/blogc1d7.html]
[www.rentappeal.com/blog/7-landscaping-tips-to-prep-your-property-for-spring.html]
[www.rentappeal.com/blog0e1a.html]
[www.rentappeal.com/blog/category/frontpage-article.html]
[www.rentappeal.com/blog/category/investors.html]
[www.rentappeal.com/blog/category/maintenance.html]
[www.rentappeal.com/blog/category/marietta.html]
[www.rentappeal.com/blog/category/news.html]
[www.rentappeal.com/blog/dog-on-a-hog.html]
[www.rentappeal.com/blog/author/rent-appeal-inc8f63.html]
[www.rentappeal.com/blog/author/rent-appeal-inc119c.html]
[www.rentappeal.com/blog/author/rent-appeal-incff17.html]
[www.rentappeal.com/blog/author/rent-appeal-inc3cf6.html]
[www.rentappeal.com/blog/author/rent-appeal-incc1d7.html]
[www.rentappeal.com/blog/author/rent-appeal-inc.html]
[www.rentappeal.com/gwinnett-property-management.html]
[polyfill.io/v2/polyfill.minc677.js]
[cdnjs.cloudflare.com/ajax/libs/jqueryui/1.10.3/css/base/jquery.ui.core.css]
[cdnjs.cloudflare.com/ajax/libs/jqueryui/1.10.3/css/base/jquery.ui.accordion.css]
[www.rentappeal.com/blog/author/rent-appeal-inc0e1a.html]
[cdnjs.cloudflare.com/ajax/libs/jqueryui/1.10.3/css/base/jquery.ui.autocomplete.css]
[cdnjs.cloudflare.com/ajax/libs/jqueryui/1.10.3/css/base/jquery.ui.button.css]
[cdnjs.cloudflare.com/ajax/libs/jqueryui/1.10.3/css/base/jquery.ui.datepicker.css]
[cdnjs.cloudflare.com/ajax/libs/jqueryui/1.10.3/css/base/jquery.ui.dialog.css]
[cdnjs.cloudflare.com/ajax/libs/jqueryui/1.10.3/css/base/jquery.ui.menu.css]
[cdnjs.cloudflare.com/ajax/libs/jqueryui/1.10.3/css/base/jquery.ui.progressbar.css]
[cdnjs.cloudflare.com/ajax/libs/jqueryui/1.10.3/css/base/jquery.ui.resizable.css]
[cdnjs.cloudflare.com/ajax/libs/jqueryui/1.10.3/css/base/jquery.ui.selectable.css]
[cdnjs.cloudflare.com/ajax/libs/jqueryui/1.10.3/css/base/jquery.ui.slider.css]
[cdnjs.cloudflare.com/ajax/libs/jqueryui/1.10.3/css/base/jquery.ui.spinner.css]
[cdnjs.cloudflare.com/ajax/libs/jqueryui/1.10.3/css/base/jquery.ui.tabs.css]
[cdnjs.cloudflare.com/ajax/libs/jqueryui/1.10.3/css/base/jquery.ui.tooltip.css]
[cdnjs.cloudflare.com/ajax/libs/jqueryui/1.10.3/css/base/jquery.ui.base.css]
[cdnjs.cloudflare.com/ajax/libs/jqueryui/1.10.3/css/base/images/ui-bg_flat_75_ffffff_40x100.png]
[cdnjs.cloudflare.com/ajax/libs/jqueryui/1.10.3/css/base/images/ui-bg_highlight-soft_75_cccccc_1x100.png]
[cdnjs.cloudflare.com/ajax/libs/jqueryui/1.10.3/css/base/images/ui-bg_glass_75_e6e6e6_1x400.png]
[cdnjs.cloudflare.com/ajax/libs/jqueryui/1.10.3/css/base/images/ui-bg_glass_75_dadada_1x400.png]
[cdnjs.cloudflare.com/ajax/libs/jqueryui/1.10.3/css/base/images/ui-bg_glass_65_ffffff_1x400.png]
[cdnjs.cloudflare.com/ajax/libs/jqueryui/1.10.3/css/base/images/ui-bg_glass_55_fbf9ee_1x400.png]
[cdnjs.cloudflare.com/ajax/libs/jqueryui/1.10.3/css/base/images/ui-bg_glass_95_fef1ec_1x400.png]
[cdnjs.cloudflare.com/ajax/libs/jqueryui/1.10.3/css/base/images/ui-icons_222222_256x240.png]
[cdnjs.cloudflare.com/ajax/libs/jqueryui/1.10.3/css/base/images/ui-icons_888888_256x240.png]
[cdnjs.cloudflare.com/ajax/libs/jqueryui/1.10.3/css/base/images/ui-icons_454545_256x240.png]
[cdnjs.cloudflare.com/ajax/libs/jqueryui/1.10.3/css/base/images/ui-icons_2e83ff_256x240.png]
[cdnjs.cloudflare.com/ajax/libs/jqueryui/1.10.3/css/base/images/ui-icons_cd0a0a_256x240.png]
[cdnjs.cloudflare.com/ajax/libs/jqueryui/1.10.3/css/base/images/ui-bg_flat_0_aaaaaa_40x100.png]
[cdnjs.cloudflare.com/ajax/libs/jqueryui/1.10.3/css/base/jquery.ui.theme.css]
[www.rentappeal.com/images/blog/Rent-Appeal-garbage-can.jpg]
[www.rentappeal.com/images/blog/Rent-Appeal-plumber.jpg]
[www.rentappeal.com/images/blog/Rent-Appeal-leaky-faucet.jpg]
[www.rentappeal.com/blog/how-to-maintain-your-rental-property.html]
[www.rentappeal.com/images/blog/blog_3.jpg]
[www.rentappeal.com/wp-content/uploads/2024/03/pexels-mikhail-nilov-6964138.jpg]
[www.rentappeal.com/wp-content/uploads/2024/02/pexels-andrea-piacquadio-3761520-1-1.jpg]
[www.rentappeal.com/wp-content/uploads/2024/03/pexels-pixabay-207574.jpg]
[www.rentappeal.com/blog/things-landlords-should-be-doing-every-year-but-probably-arent.html]
[www.rentappeal.com/images/blog/a-sign-in-a-window-warning-of-24-hours-video-surveillance.jpg]
[www.rentappeal.com/images/blog/a-key-hanging-in-an-open-door.jpg]
[www.rentappeal.com/images/blog/a-person-using-a-computer-next-to-a-window.jpg]
[www.rentappeal.com/images/blog/a-knocked-over-jar-of-pennies.jpg]
[www.rentappeal.com/blog/tips-to-keep-your-home-and-investment-safe.html]
[www.rentappeal.com/images/blog/florida-lease-agreement-laws.jpg]
[www.rentappeal.com/images/blog/notification.jpg]
[www.rentappeal.com/images/blog/pexels-porapak-apichodilok-348530.jpg]
[www.rentappeal.com/blog/best-ways-to-communicate-with-tenants-email-text-or-call.html]
[www.rentappeal.com/images/blog/Rent-Appeal-lease-agreement.jpg]
[www.rentappeal.com/images/blog/Rent-Appeal-landlord-tenant-relationship.jpg]
[www.rentappeal.com/images/blog/Rental-Appeal-sublease-contract.jpg]
[www.rentappeal.com/blog/guide-to-making-a-solid-lease-agreement-for-your-rental-property.html]
[www.rentappeal.com/images/blog/Rent-Appeal-2-1.jpg]
[www.rentappeal.com/images/blog/maintenance-tools.jpg]
[www.rentappeal.com/images/blog/lawyer.jpg]
[www.rentappeal.com/images/blog/hardwood-floors.jpg]
[www.rentappeal.com/blog/costs-that-landlords-dont-notice-theyre-accruing.html]
[www.rentappeal.com/how-to-maintain-your-rental-property/index.html]
[www.rentappeal.com/best-areas-invest-atlanta/index.html]
[www.rentappeal.com/images/blog/Rent-Appeal-Atlanta-property-inspection.jpg]
[www.rentappeal.com/images/blog/Rent-Appeal-Atlanta-lock-security-deposit.jpg]
[www.rentappeal.com/images/blog/Rent-Appeal-Atlanta-tenant-screening.jpg]
[www.rentappeal.com/blog/renting-out-your-home-in-atlanta-everything-you-should-consider.html]
[www.rentappeal.com/keep-home-safe/index.html]
[www.rentappeal.com/contact-2/index.html]
[www.rentappeal.com/images/blog/blog-1_1.jpg]
[www.rentappeal.com/wp-content/uploads/2024/04/pexels-christina-morillo-1181605-3.jpg]
[www.rentappeal.com/wp-content/uploads/2024/04/pexels-pixabay-48148-1.jpg]
[www.rentappeal.com/wp-content/uploads/2024/04/pexels-rdne-stock-project-8069753.jpg]
[www.rentappeal.com/blog/how-to-be-a-long-distance-landlord.html]
[www.rentappeal.com/images/blog/blog_2.jpg]
[www.rentappeal.com/blog/how-to-recognize-and-avoid-rental-scams.html]
[www.rentappeal.com/images/blog/Rent-Appeal.png]
[www.rentappeal.com/images/blog/pexels-ketut-subiyanto-4247768-1.jpg]
[www.rentappeal.com/images/blog/pexels-rdne-stock-project-8293767-1.jpg]
[www.rentappeal.com/images/blog/pexels-rdne-stock-project-8293699-2.jpg]
[www.rentappeal.com/blog/what-is-an-implied-covenant-of-quiet-enjoyment.html]
[www.rentappeal.com/images/blog/Close-Up-Photo-of-Accounting-Documents.jpg]
[www.rentappeal.com/images/blog/White-Paper-with-Printed-Texts.jpg]
[www.rentappeal.com/images/blog/buying-a-house.jpg]
[www.rentappeal.com/blog/20-terms-all-real-estate-investors-should-know.html]
[www.rentappeal.com/images/blog/man-packing-moving-box.jpg]
[www.rentappeal.com/images/blog/car-parked-at-home.jpg]
[www.rentappeal.com/images/blog/moving-in-to-rental.jpg]
[www.rentappeal.com/blog/what-to-do-with-a-tenants-possessions-after-an-eviction.html]
[www.rentappeal.com/images/blog/a-stack-of-coins-in-front-of-a-blurry-clock.jpg]
[www.rentappeal.com/images/blog/a-person-standing-in-the-middle-of-multiple-cardboard-boxes.jpg]
[www.rentappeal.com/images/blog/someone-working-at-a-home-desk.jpg]
[www.rentappeal.com/blog/is-a-month-to-month-lease-better-for-landlords.html]
[www.rentappeal.com/images/blog/Rent-Appeal-updated-kitchen-amenities.jpg]
[www.rentappeal.com/images/blog/Rent-Appeal-rental-market-analysis.jpg]
[www.rentappeal.com/images/blog/Rent-Appeal-property-marketing.jpg]
[www.rentappeal.com/blog/how-to-price-your-atlanta-home-to-rent.html]
[www.rentappeal.com/images/blog/Rent-Appeal.jpg]
[www.rentappeal.com/images/blog/Rent-Appeal-open-floor-plan-home.jpg]
[www.rentappeal.com/images/blog/Rent-Appeal-hardwood-floors-kitchen.jpg]
[www.rentappeal.com/images/blog/Rent-Appeal-vacant-unit.jpg]
[www.rentappeal.com/blog/5-best-renovations-for-your-rental-property.html]
[www.rentappeal.com/images/blog/fair-housing-header.jpg]
[www.rentappeal.com/images/blog/shadowed-family-under-tree.jpg]
[www.rentappeal.com/images/blog/small-street-with-many-houses.jpg]
[www.rentappeal.com/images/blog/two-people-talking-on-sofa.jpg]
[www.rentappeal.com/blog/georgia-fair-housing-act-an-overview.html]
[www.rentappeal.com/images/blog/atlanta-reasons-to-invest-header.jpg]
[www.rentappeal.com/images/blog/river-with-trees-and-atlanta-towers.jpg]
[www.rentappeal.com/images/blog/suntrust-park-empty.jpg]
[www.rentappeal.com/images/blog/atlanta-towers-with-trees.jpg]
[www.rentappeal.com/blog/reasons-to-invest-in-atlanta-real-estate.html]
[www.rentappeal.com/images/blog/atlanta-areas-to-invest-header.jpg]
[www.rentappeal.com/images/blog/craftsman-style-houses.jpg]
[www.rentappeal.com/images/blog/atlanta-skyline-with-towers.jpg]
[www.rentappeal.com/images/blog/row-of-condos-with-square-windows.jpg]
[www.rentappeal.com/blog/best-areas-to-invest-in-atlanta.html]
[www.rentappeal.com/images/blog/atlanta-investment-report-header.jpg]
[www.rentappeal.com/images/blog/towers-in-atlanta.jpg]
[www.rentappeal.com/images/blog/homes-in-atlanta.jpg]
[www.rentappeal.com/images/blog/hand-showing-reports-on-sales.jpg]
[www.rentappeal.com/blog/top-tips-when-buying-investment-property-in-atlanta.html]
[www.rentappeal.com/images/blog/1-1.jpg]
[www.rentappeal.com/images/blog/3-1.jpg]
[www.rentappeal.com/images/blog/2-1.jpg]
[www.rentappeal.com/blog/breaking-a-lease-in-atlanta-ga-know-the-laws.html]
[www.rentappeal.com/images/blog/2-2.jpg]
[www.rentappeal.com/images/blog/3-2.jpg]
[www.rentappeal.com/images/blog/1-2.jpg]
[www.rentappeal.com/blog/a-guide-to-the-eviction-process-in-atlanta-ga.html]
[www.rentappeal.com/blog/georgia-security-deposit-laws.html]
[www.rentappeal.com/images/blog/1.jpg]
[www.rentappeal.com/images/blog/2.jpg]
[www.rentappeal.com/images/blog/3.jpg]
[www.rentappeal.com/blog/georgia-rental-laws-an-overview-of-landlord-tenant-rights-in-atlanta.html]
[www.rentappeal.com/images/blog/curb-appeal-before-after.jpg]
[www.rentappeal.com/images/blog/interior-before-and-after.jpg]
[www.rentappeal.com/blog/is-my-property-rent-ready.html]
[www.rentappeal.com/blog/marietta-square-plans-to-open-food-hall.html]
[www.rentappeal.com/blog/essential-maintenance-tips-for-any-property-owner-in-atlanta.html]
[www.rentappeal.com/images/blog/property-management-duluth-ga.jpg]
[www.rentappeal.com/blog/8-key-aspects-in-a-georgia-rental-agreement.html]
[www.rentappeal.com/blog/marietta-square-property-management.html]
[www.rentappeal.com/images/blog/the-extra-mile-495x400.jpg]
[www.rentappeal.com/wp-content/uploads/the-extra-mile.jpg]
[www.rentappeal.com/wp-content/uploads/property-management-marietta-ga.jpg]
[www.rentappeal.com/images/blog/property-management-marietta-ga-495x400.jpg]
[www.rentappeal.com/blog/5-essential-tips-for-hiring-property-manager-in-atlanta-ga.html]
[www.rentappeal.com/blog/office-rabbit.html]
[www.rentappeal.com/blog/live-in-atlanta-join-our-growing-family.html]
[www.rentappeal.com/blog/atlanta-new-years.html]
[www.rentappeal.com/blog/rent-appeal-newsletter-january-2015.html]
[www.rentappeal.com/blog/millennial-renters.html]
[www.rentappeal.com/images/blog/AppFolio-Millennial-10-Facts-Final-Draft-1.png]
[www.rentappeal.com/blog/10-things-you-need-to-know-about-the-millennial-renter.html]
[www.rentappeal.com/blog/monopoly-park-place.html]
[www.rentappeal.com/blog/can-i-afford-to-own-rental-property.html]
[www.rentappeal.com/blog/garden-pink-flowers.html]
[www.rentappeal.com/blog/website-launch-announcment.html]
[www.rentappeal.com/blog/7-landscaping-tips-to-prep-your-property-for-spring.html]
[www.rentappeal.com/blog/dog-on-a-hog.html]
[www.rentappeal.com/blog/author/rent-appeal-inc8f63.html]
[www.rentappeal.com/blog/author/rent-appeal-inc119c.html]
[www.rentappeal.com/blog/author/rent-appeal-incff17.html]
[www.rentappeal.com/blog/author/rent-appeal-inc3cf6.html]
[www.rentappeal.com/blog/author/rent-appeal-incc1d7.html]
[www.rentappeal.com/blog/author/rent-appeal-inc0e1a.html]
[cdnjs.cloudflare.com/ajax/libs/jqueryui/1.10.3/css/base/jquery.ui.core.css]
[cdnjs.cloudflare.com/ajax/libs/jqueryui/1.10.3/css/base/jquery.ui.accordion.css]
[cdnjs.cloudflare.com/ajax/libs/jqueryui/1.10.3/css/base/jquery.ui.autocomplete.css]
[cdnjs.cloudflare.com/ajax/libs/jqueryui/1.10.3/css/base/jquery.ui.button.css]
[cdnjs.cloudflare.com/ajax/libs/jqueryui/1.10.3/css/base/jquery.ui.datepicker.css]
[cdnjs.cloudflare.com/ajax/libs/jqueryui/1.10.3/css/base/jquery.ui.dialog.css]
[cdnjs.cloudflare.com/ajax/libs/jqueryui/1.10.3/css/base/jquery.ui.menu.css]
[cdnjs.cloudflare.com/ajax/libs/jqueryui/1.10.3/css/base/images/animated-overlay.gif]
[cdnjs.cloudflare.com/ajax/libs/jqueryui/1.10.3/css/base/jquery.ui.progressbar.css]
[cdnjs.cloudflare.com/ajax/libs/jqueryui/1.10.3/css/base/jquery.ui.resizable.css]
[cdnjs.cloudflare.com/ajax/libs/jqueryui/1.10.3/css/base/jquery.ui.selectable.css]
[cdnjs.cloudflare.com/ajax/libs/jqueryui/1.10.3/css/base/jquery.ui.slider.css]
[cdnjs.cloudflare.com/ajax/libs/jqueryui/1.10.3/css/base/jquery.ui.spinner.css]
[cdnjs.cloudflare.com/ajax/libs/jqueryui/1.10.3/css/base/jquery.ui.tabs.css]
[cdnjs.cloudflare.com/ajax/libs/jqueryui/1.10.3/css/base/jquery.ui.tooltip.css]
[www.rentappeal.com/annual-tasks-for-landlords/index.html]
[www.rentappeal.com/best-renovations-rental-property/index.html]
[www.rentappeal.com/wp-content/uploads/2024/03/pexels-mikhail-nilov-6964138.html]
[www.rentappeal.com/wp-content/uploads/2024/02/pexels-andrea-piacquadio-3761520-1-1.html]
[www.rentappeal.com/making-solid-lease-agreement/index.html]
[www.rentappeal.com/communicating-with-tenants/index.html]
[www.rentappeal.com/wp-content/uploads/2024/03/pexels-pixabay-207574.html]
[www.rentappeal.com/rental-scams/index.html]
[www.rentappeal.com/tenants-possessions-after-eviction/index.html]
[www.rentappeal.com/month-to-month/index.html]
[www.rentappeal.com/covenant-of-quiet-enjoyment/index.html]
[www.rentappeal.com/is-my-property-rent-ready/index.html]
[www.rentappeal.com/landlord-must-know-terms/index.html]
[www.rentappeal.com/georgia-landlord-tenant-law/index.html]
[www.rentappeal.com/georgia-security-deposit-law/index.html]
[www.rentappeal.com/georiga-fair-housing-act/index.html]
[www.rentappeal.com/wp-content/uploads/2024/04/pexels-christina-morillo-1181605-3.html]
[www.rentappeal.com/wp-content/uploads/2024/04/pexels-pixabay-48148-1.html]
[www.rentappeal.com/wp-content/uploads/2024/04/pexels-rdne-stock-project-8069753.html]
[www.rentappeal.com/costs-landlords-dont-notice/index.html]
[www.rentappeal.com/essential-maintenance-tips/index.html]
[www.rentappeal.com/7-landscaping-tips-to-prep-your-property-for-spring/index.html]
[www.rentappeal.com/georgia-breaking-lease/index.html]
[www.rentappeal.com/georgia-eviction-process/index.html]
[www.rentappeal.com/buying-investment-property-atlanta/index.html]
[www.rentappeal.com/real-estate-investing-atlanta/index.html]
[www.rentappeal.com/wp-content/uploads/the-extra-mile.html]
[www.rentappeal.com/wp-content/uploads/property-management-marietta-ga.html]
